+ echo 20260410_103820
20260410_103820
++ git -C /home/zhongrx/dev/flag-env/FlagGems rev-parse HEAD
+ echo 'FlagGems commit: b6c4a71370474178ecfc58c3c5b4e16964447c17'
FlagGems commit: b6c4a71370474178ecfc58c3c5b4e16964447c17
++ git -C /home/zhongrx/dev/flag-env/FlagGems log -1 --oneline
+ echo 'FlagGems: b6c4a713 test: rename blockwise fp8 torch reference helpers'
FlagGems: b6c4a713 test: rename blockwise fp8 torch reference helpers
+ cd /home/zhongrx/dev/flag-env/FlagGems/benchmark
+ srun --gres=gpu:1 pytest -x -vv -s test_fused_moe_perf.py::test_perf_fused_moe_fp8_blockwise_gems_vs_hpc
============================= test session starts ==============================
platform linux -- Python 3.12.13, pytest-9.0.2, pluggy-1.6.0 -- /home/zhongrx/dev/flag-env/.venv/bin/python3
cachedir: .pytest_cache
rootdir: /home/zhongrx/dev/flag-env/FlagGems
configfile: pytest.ini
plugins: anyio-4.13.0
collecting ... collected 1 item

test_fused_moe_perf.py::test_perf_fused_moe_fp8_blockwise_gems_vs_hpc 
Operator: fused_moe_fp8_blockwise_gems_vs_hpc  Performance Test (dtype=torch.bfloat16, mode=kernel,level=comprehensive)
Status       Torch Latency (ms)    Gems Latency (ms)         Gems Speedup          Size Detail
-----------------------------------------------------------------------------------------------
SUCCESS               0.136352            0.353696               0.386          [torch.Size([1, 4096]), torch.Size([8, 28672, 4096]), torch.Size([8, 4096, 14336]), torch.Size([8, 224, 32]), torch.Size([8, 32, 112]), torch.Size([1, 2]), torch.Size([1, 2]), 8]
SUCCESS               0.235552            0.467488               0.504          [torch.Size([4, 4096]), torch.Size([8, 28672, 4096]), torch.Size([8, 4096, 14336]), torch.Size([8, 224, 32]), torch.Size([8, 32, 112]), torch.Size([4, 2]), torch.Size([4, 2]), 8]
SUCCESS               0.474048            0.466464               1.016          [torch.Size([16, 4096]), torch.Size([8, 28672, 4096]), torch.Size([8, 4096, 14336]), torch.Size([8, 224, 32]), torch.Size([8, 32, 112]), torch.Size([16, 2]), torch.Size([16, 2]), 8]
SUCCESS               0.539872            0.696976               0.775          [torch.Size([64, 4096]), torch.Size([8, 28672, 4096]), torch.Size([8, 4096, 14336]), torch.Size([8, 224, 32]), torch.Size([8, 32, 112]), torch.Size([64, 2]), torch.Size([64, 2]), 8]
SUCCESS               0.600880            0.771808               0.779          [torch.Size([128, 4096]), torch.Size([8, 28672, 4096]), torch.Size([8, 4096, 14336]), torch.Size([8, 224, 32]), torch.Size([8, 32, 112]), torch.Size([128, 2]), torch.Size([128, 2]), 8]
SUCCESS               1.052480            1.252576               0.840          [torch.Size([256, 4096]), torch.Size([8, 28672, 4096]), torch.Size([8, 4096, 14336]), torch.Size([8, 224, 32]), torch.Size([8, 32, 112]), torch.Size([256, 2]), torch.Size([256, 2]), 8]
SUCCESS               1.626592            1.958384               0.831          [torch.Size([512, 4096]), torch.Size([8, 28672, 4096]), torch.Size([8, 4096, 14336]), torch.Size([8, 224, 32]), torch.Size([8, 32, 112]), torch.Size([512, 2]), torch.Size([512, 2]), 8]
SUCCESS               0.143872            0.346880               0.415          [torch.Size([1, 7168]), torch.Size([256, 4096, 7168]), torch.Size([256, 7168, 2048]), torch.Size([256, 32, 56]), torch.Size([256, 56, 16]), torch.Size([1, 8]), torch.Size([1, 8]), 256]
SUCCESS               0.479376            0.460752               1.040          [torch.Size([4, 7168]), torch.Size([256, 4096, 7168]), torch.Size([256, 7168, 2048]), torch.Size([256, 32, 56]), torch.Size([256, 56, 16]), torch.Size([4, 8]), torch.Size([4, 8]), 256]
SUCCESS               1.287872            1.326304               0.971          [torch.Size([16, 7168]), torch.Size([256, 4096, 7168]), torch.Size([256, 7168, 2048]), torch.Size([256, 32, 56]), torch.Size([256, 56, 16]), torch.Size([16, 8]), torch.Size([16, 8]), 256]
SUCCESS               2.768544            2.756880               1.004          [torch.Size([64, 7168]), torch.Size([256, 4096, 7168]), torch.Size([256, 7168, 2048]), torch.Size([256, 32, 56]), torch.Size([256, 56, 16]), torch.Size([64, 8]), torch.Size([64, 8]), 256]
SUCCESS               3.204832            3.165856               1.012          [torch.Size([128, 7168]), torch.Size([256, 4096, 7168]), torch.Size([256, 7168, 2048]), torch.Size([256, 32, 56]), torch.Size([256, 56, 16]), torch.Size([128, 8]), torch.Size([128, 8]), 256]
SUCCESS               3.423008            3.326496               1.029          [torch.Size([256, 7168]), torch.Size([256, 4096, 7168]), torch.Size([256, 7168, 2048]), torch.Size([256, 32, 56]), torch.Size([256, 56, 16]), torch.Size([256, 8]), torch.Size([256, 8]), 256]
SUCCESS               0.129680            0.347776               0.373          [torch.Size([1, 4096]), torch.Size([512, 2048, 4096]), torch.Size([512, 4096, 1024]), torch.Size([512, 16, 32]), torch.Size([512, 32, 8]), torch.Size([1, 10]), torch.Size([1, 10]), 512]
SUCCESS               0.214304            0.343936               0.623          [torch.Size([4, 4096]), torch.Size([512, 2048, 4096]), torch.Size([512, 4096, 1024]), torch.Size([512, 16, 32]), torch.Size([512, 32, 8]), torch.Size([4, 10]), torch.Size([4, 10]), 512]
SUCCESS               0.596592            0.584752               1.020          [torch.Size([16, 4096]), torch.Size([512, 2048, 4096]), torch.Size([512, 4096, 1024]), torch.Size([512, 16, 32]), torch.Size([512, 32, 8]), torch.Size([16, 10]), torch.Size([16, 10]), 512]
SUCCESS               1.365536            1.354368               1.008          [torch.Size([64, 4096]), torch.Size([512, 2048, 4096]), torch.Size([512, 4096, 1024]), torch.Size([512, 16, 32]), torch.Size([512, 32, 8]), torch.Size([64, 10]), torch.Size([64, 10]), 512]
SUCCESS               1.801920            1.765440               1.021          [torch.Size([128, 4096]), torch.Size([512, 2048, 4096]), torch.Size([512, 4096, 1024]), torch.Size([512, 16, 32]), torch.Size([512, 32, 8]), torch.Size([128, 10]), torch.Size([128, 10]), 512]
SUCCESS               1.961952            1.920960               1.021          [torch.Size([256, 4096]), torch.Size([512, 2048, 4096]), torch.Size([512, 4096, 1024]), torch.Size([512, 16, 32]), torch.Size([512, 32, 8]), torch.Size([256, 10]), torch.Size([256, 10]), 512]

PASSED

=============================== warnings summary ===============================
../../.venv/lib/python3.12/site-packages/triton/runtime/autotuner.py:99: 33 warnings
  /home/zhongrx/dev/flag-env/.venv/lib/python3.12/site-packages/triton/runtime/autotuner.py:99: DeprecationWarning: warmup, rep, and use_cuda_graph parameters are deprecated. See https://github.com/triton-lang/triton/pull/4496 for details.
    warnings.warn(("warmup, rep, and use_cuda_graph parameters are deprecated. See "

<frozen importlib._bootstrap>:488
  <frozen importlib._bootstrap>:488: DeprecationWarning: builtin type SwigPyPacked has no __module__ attribute

<frozen importlib._bootstrap>:488
  <frozen importlib._bootstrap>:488: DeprecationWarning: builtin type SwigPyObject has no __module__ attribute

../../.venv/lib/python3.12/site-packages/torch/jit/_script.py:362: 14 warnings
  /home/zhongrx/dev/flag-env/.venv/lib/python3.12/site-packages/torch/jit/_script.py:362: DeprecationWarning: `torch.jit.script_method` is deprecated. Please switch to `torch.compile` or `torch.export`.
    warnings.warn(

-- Docs: https://docs.pytest.org/en/stable/how-to/capture-warnings.html
======================= 1 passed, 49 warnings in 47.20s ========================
sys:1: DeprecationWarning: builtin type swigvarlink has no __module__ attribute
