+ echo 20260410_104647
20260410_104647
++ git -C /home/zhongrx/dev/flag-env/FlagGems rev-parse HEAD
+ echo 'FlagGems commit: b6c4a71370474178ecfc58c3c5b4e16964447c17'
FlagGems commit: b6c4a71370474178ecfc58c3c5b4e16964447c17
++ git -C /home/zhongrx/dev/flag-env/FlagGems log -1 --oneline
+ echo 'FlagGems: b6c4a713 test: rename blockwise fp8 torch reference helpers'
FlagGems: b6c4a713 test: rename blockwise fp8 torch reference helpers
+ cd /home/zhongrx/dev/flag-env/FlagGems/benchmark
+ srun --gres=gpu:1 pytest -x -vv -s --use_cudagraph test_fused_moe_perf.py::test_perf_fused_moe_fp8_blockwise_gems_vs_hpc
============================= test session starts ==============================
platform linux -- Python 3.12.13, pytest-9.0.2, pluggy-1.6.0 -- /home/zhongrx/dev/flag-env/.venv/bin/python3
cachedir: .pytest_cache
rootdir: /home/zhongrx/dev/flag-env/FlagGems
configfile: pytest.ini
plugins: anyio-4.13.0
collecting ... collected 1 item

test_fused_moe_perf.py::test_perf_fused_moe_fp8_blockwise_gems_vs_hpc 
Operator: fused_moe_fp8_blockwise_gems_vs_hpc  Performance Test (dtype=torch.bfloat16, mode=kernel,level=comprehensive)
Status       Torch Latency (ms)    Gems Latency (ms)         Gems Speedup          Size Detail
-----------------------------------------------------------------------------------------------
SUCCESS               0.120978            0.217372               0.557          [torch.Size([1, 4096]), torch.Size([8, 28672, 4096]), torch.Size([8, 4096, 14336]), torch.Size([8, 224, 32]), torch.Size([8, 32, 112]), torch.Size([1, 2]), torch.Size([1, 2]), 8]
SUCCESS               0.283683            0.463905               0.612          [torch.Size([4, 4096]), torch.Size([8, 28672, 4096]), torch.Size([8, 4096, 14336]), torch.Size([8, 224, 32]), torch.Size([8, 32, 112]), torch.Size([4, 2]), torch.Size([4, 2]), 8]
SUCCESS               0.422646            0.645785               0.654          [torch.Size([16, 4096]), torch.Size([8, 28672, 4096]), torch.Size([8, 4096, 14336]), torch.Size([8, 224, 32]), torch.Size([8, 32, 112]), torch.Size([16, 2]), torch.Size([16, 2]), 8]
SUCCESS               0.454725            0.860420               0.528          [torch.Size([64, 4096]), torch.Size([8, 28672, 4096]), torch.Size([8, 4096, 14336]), torch.Size([8, 224, 32]), torch.Size([8, 32, 112]), torch.Size([64, 2]), torch.Size([64, 2]), 8]
SUCCESS               0.594452            0.865681               0.687          [torch.Size([128, 4096]), torch.Size([8, 28672, 4096]), torch.Size([8, 4096, 14336]), torch.Size([8, 224, 32]), torch.Size([8, 32, 112]), torch.Size([128, 2]), torch.Size([128, 2]), 8]
SUCCESS               0.975968            1.242117               0.786          [torch.Size([256, 4096]), torch.Size([8, 28672, 4096]), torch.Size([8, 4096, 14336]), torch.Size([8, 224, 32]), torch.Size([8, 32, 112]), torch.Size([256, 2]), torch.Size([256, 2]), 8]
SUCCESS               1.751389            2.197339               0.797          [torch.Size([512, 4096]), torch.Size([8, 28672, 4096]), torch.Size([8, 4096, 14336]), torch.Size([8, 224, 32]), torch.Size([8, 32, 112]), torch.Size([512, 2]), torch.Size([512, 2]), 8]
SUCCESS               0.141586            0.208334               0.680          [torch.Size([1, 7168]), torch.Size([256, 4096, 7168]), torch.Size([256, 7168, 2048]), torch.Size([256, 32, 56]), torch.Size([256, 56, 16]), torch.Size([1, 8]), torch.Size([1, 8]), 256]
SUCCESS               0.429674            0.606497               0.708          [torch.Size([4, 7168]), torch.Size([256, 4096, 7168]), torch.Size([256, 7168, 2048]), torch.Size([256, 32, 56]), torch.Size([256, 56, 16]), torch.Size([4, 8]), torch.Size([4, 8]), 256]
SUCCESS               1.235583            1.702635               0.726          [torch.Size([16, 7168]), torch.Size([256, 4096, 7168]), torch.Size([256, 7168, 2048]), torch.Size([256, 32, 56]), torch.Size([256, 56, 16]), torch.Size([16, 8]), torch.Size([16, 8]), 256]
SUCCESS               2.730082            3.687274               0.740          [torch.Size([64, 7168]), torch.Size([256, 4096, 7168]), torch.Size([256, 7168, 2048]), torch.Size([256, 32, 56]), torch.Size([256, 56, 16]), torch.Size([64, 8]), torch.Size([64, 8]), 256]
SUCCESS               3.183775            5.491142               0.580          [torch.Size([128, 7168]), torch.Size([256, 4096, 7168]), torch.Size([256, 7168, 2048]), torch.Size([256, 32, 56]), torch.Size([256, 56, 16]), torch.Size([128, 8]), torch.Size([128, 8]), 256]
SUCCESS               3.380486            5.605612               0.603          [torch.Size([256, 7168]), torch.Size([256, 4096, 7168]), torch.Size([256, 7168, 2048]), torch.Size([256, 32, 56]), torch.Size([256, 56, 16]), torch.Size([256, 8]), torch.Size([256, 8]), 256]
SUCCESS               0.114455            0.115521               0.991          [torch.Size([1, 4096]), torch.Size([512, 2048, 4096]), torch.Size([512, 4096, 1024]), torch.Size([512, 16, 32]), torch.Size([512, 32, 8]), torch.Size([1, 10]), torch.Size([1, 10]), 512]
SUCCESS               0.196361            0.257168               0.764          [torch.Size([4, 4096]), torch.Size([512, 2048, 4096]), torch.Size([512, 4096, 1024]), torch.Size([512, 16, 32]), torch.Size([512, 32, 8]), torch.Size([4, 10]), torch.Size([4, 10]), 512]
SUCCESS               0.513236            0.721137               0.712          [torch.Size([16, 4096]), torch.Size([512, 2048, 4096]), torch.Size([512, 4096, 1024]), torch.Size([512, 16, 32]), torch.Size([512, 32, 8]), torch.Size([16, 10]), torch.Size([16, 10]), 512]
SUCCESS               1.317862            1.789119               0.737          [torch.Size([64, 4096]), torch.Size([512, 2048, 4096]), torch.Size([512, 4096, 1024]), torch.Size([512, 16, 32]), torch.Size([512, 32, 8]), torch.Size([64, 10]), torch.Size([64, 10]), 512]
SUCCESS               1.703877            3.077900               0.554          [torch.Size([128, 4096]), torch.Size([512, 2048, 4096]), torch.Size([512, 4096, 1024]), torch.Size([512, 16, 32]), torch.Size([512, 32, 8]), torch.Size([128, 10]), torch.Size([128, 10]), 512]
SUCCESS               1.905152            3.414420               0.558          [torch.Size([256, 4096]), torch.Size([512, 2048, 4096]), torch.Size([512, 4096, 1024]), torch.Size([512, 16, 32]), torch.Size([512, 32, 8]), torch.Size([256, 10]), torch.Size([256, 10]), 512]

PASSED

=============================== warnings summary ===============================
../../.venv/lib/python3.12/site-packages/triton/runtime/autotuner.py:99: 33 warnings
  /home/zhongrx/dev/flag-env/.venv/lib/python3.12/site-packages/triton/runtime/autotuner.py:99: DeprecationWarning: warmup, rep, and use_cuda_graph parameters are deprecated. See https://github.com/triton-lang/triton/pull/4496 for details.
    warnings.warn(("warmup, rep, and use_cuda_graph parameters are deprecated. See "

<frozen importlib._bootstrap>:488
  <frozen importlib._bootstrap>:488: DeprecationWarning: builtin type SwigPyPacked has no __module__ attribute

<frozen importlib._bootstrap>:488
  <frozen importlib._bootstrap>:488: DeprecationWarning: builtin type SwigPyObject has no __module__ attribute

../../.venv/lib/python3.12/site-packages/torch/jit/_script.py:362: 14 warnings
  /home/zhongrx/dev/flag-env/.venv/lib/python3.12/site-packages/torch/jit/_script.py:362: DeprecationWarning: `torch.jit.script_method` is deprecated. Please switch to `torch.compile` or `torch.export`.
    warnings.warn(

-- Docs: https://docs.pytest.org/en/stable/how-to/capture-warnings.html
======================= 1 passed, 49 warnings in 57.24s ========================
